// Jest Snapshot v1, https://goo.gl/fbAQLP

exports[`Component App - test App - snapshot 1`] = `
<RCTSafeAreaView
  style={
    {
      "backgroundColor": "#06172d",
      "flex": 1,
      "justifyContent": "center",
    }
  }
>
  <MockedNavigator
    initialRouteName="LoadingApp"
    screenOptions={
      {
        "animationEnabled": false,
        "headerShown": false,
      }
    }
  >
    <MockedScreen
      name="LoadingApp"
    />
    <MockedScreen
      name="LoadedApp"
    />
  </MockedNavigator>
</RCTSafeAreaView>
`;
