// Jest Snapshot v1, https://goo.gl/fbAQLP

exports[`Component App - test App - snapshot 1`] = `
<MockedNavigator
  initialRouteName="LoadingApp"
  screenOptions={
    {
      "headerShown": false,
    }
  }
>
  <MockedScreen
    name="LoadingApp"
  />
  <MockedScreen
    name="LoadedApp"
  />
</MockedNavigator>
`;
