// Jest Snapshot v1, https://jestjs.io/docs/snapshot-testing

exports[`ContactList - snapshots ContactList advanced mode 1`] = `
<View
  style={
    {
      "backgroundColor": "#011401",
      "flex": 1,
    }
  }
>
  <View>
    <View
      style={
        {
          "alignItems": "center",
          "backgroundColor": "#011401",
          "display": "flex",
          "minHeight": 60,
          "paddingBottom": 0,
          "paddingTop": 10,
        }
      }
      testID="header"
    >
      <View
        style={
          {
            "alignItems": "center",
            "display": "flex",
            "flexDirection": "row",
            "flexWrap": "wrap",
            "gap": 8,
            "justifyContent": "center",
            "marginHorizontal": 5,
            "marginTop": 12,
          }
        }
      >
        <View
          style={
            {
              "flexDirection": "row",
              "gap": 8,
              "minHeight": 29,
            }
          }
        >
          <View
            style={
              {
                "alignItems": "center",
                "justifyContent": "center",
                "minHeight": 25,
                "minWidth": 25,
              }
            }
          >
            <View
              accessibilityState={
                {
                  "busy": undefined,
                  "checked": undefined,
                  "disabled": undefined,
                  "expanded": undefined,
                  "selected": undefined,
                }
              }
              accessibilityValue={
                {
                  "max": undefined,
                  "min": undefined,
                  "now": undefined,
                  "text": undefined,
                }
              }
              accessible={true}
              collapsable={false}
              focusable={true}
              onClick={[Function]}
              onResponderGrant={[Function]}
              onResponderMove={[Function]}
              onResponderRelease={[Function]}
              onResponderTerminate={[Function]}
              onResponderTerminationRequest={[Function]}
              onStartShouldSetResponder={[Function]}
              style={
                {
                  "opacity": 1,
                }
              }
            >
              <
                color="red"
                icon={
                  {
                    "icon": [
                      576,
                      512,
                      [
                        62337,
                        "cloud-download",
                        "cloud-download-alt",
                      ],
                      "f0ed",
                      "M144 480c-79.5 0-144-64.5-144-144 0-63.4 41-117.2 97.9-136.5-1.3-7.7-1.9-15.5-1.9-23.5 0-79.5 64.5-144 144-144 55.4 0 103.5 31.3 127.6 77.1 14.2-8.3 30.8-13.1 48.4-13.1 53 0 96 43 96 96 0 15.7-3.8 30.6-10.5 43.7 44 20.3 74.5 64.7 74.5 116.3 0 70.7-57.3 128-128 128l-304 0zM377 313c9.4-9.4 9.4-24.6 0-33.9s-24.6-9.4-33.9 0l-31 31 0-102.1c0-13.3-10.7-24-24-24s-24 10.7-24 24l0 102.1-31-31c-9.4-9.4-24.6-9.4-33.9 0s-9.4 24.6 0 33.9l72 72c9.4 9.4 24.6 9.4 33.9 0l72-72z",
                    ],
                    "iconName": "cloud-arrow-down",
                    "prefix": "fas",
                  }
                }
                size={16}
              />
            </View>
          </View>
        </View>
      </View>
    </View>
    <View
      style={
        {
          "left": 0,
          "padding": 11.5,
          "position": "absolute",
        }
      }
    >
      <View
        style={
          {
            "alignItems": "center",
            "flexDirection": "row",
            "height": 40,
          }
        }
      >
        <View
          accessibilityLabel="text translated"
          accessibilityState={
            {
              "busy": undefined,
              "checked": undefined,
              "disabled": undefined,
              "expanded": undefined,
              "selected": undefined,
            }
          }
          accessibilityValue={
            {
              "max": undefined,
              "min": undefined,
              "now": undefined,
              "text": undefined,
            }
          }
          accessible={true}
          collapsable={false}
          focusable={true}
          onClick={[Function]}
          onResponderGrant={[Function]}
          onResponderMove={[Function]}
          onResponderRelease={[Function]}
          onResponderTerminate={[Function]}
          onResponderTerminationRequest={[Function]}
          onStartShouldSetResponder={[Function]}
          style={
            {
              "marginRight": 5,
              "opacity": 1,
            }
          }
          testID="header.drawmenu"
        >
          <
            color="#ffffff"
            icon={
              {
                "icon": [
                  448,
                  512,
                  [
                    "navicon",
                  ],
                  "f0c9",
                  "M0 96C0 78.3 14.3 64 32 64l384 0c17.7 0 32 14.3 32 32s-14.3 32-32 32L32 128C14.3 128 0 113.7 0 96zM0 256c0-17.7 14.3-32 32-32l384 0c17.7 0 32 14.3 32 32s-14.3 32-32 32L32 288c-17.7 0-32-14.3-32-32zM448 416c0 17.7-14.3 32-32 32L32 448c-17.7 0-32-14.3-32-32s14.3-32 32-32l384 0c17.7 0 32 14.3 32 32z",
                ],
                "iconName": "bars",
                "prefix": "fas",
              }
            }
            size={32}
          />
        </View>
      </View>
    </View>
    <View
      style={
        {
          "padding": 13,
          "position": "absolute",
          "right": 0,
        }
      }
    >
      <View
        accessibilityState={
          {
            "busy": undefined,
            "checked": undefined,
            "disabled": undefined,
            "expanded": undefined,
            "selected": undefined,
          }
        }
        accessibilityValue={
          {
            "max": undefined,
            "min": undefined,
            "now": undefined,
            "text": undefined,
          }
        }
        accessible={true}
        collapsable={false}
        focusable={true}
        onClick={[Function]}
        onResponderGrant={[Function]}
        onResponderMove={[Function]}
        onResponderRelease={[Function]}
        onResponderTerminate={[Function]}
        onResponderTerminationRequest={[Function]}
        onStartShouldSetResponder={[Function]}
        style={
          {
            "marginRight": 5,
            "opacity": 1,
          }
        }
        testID="header.settings"
      >
        <
          color="#ffffff"
          icon={
            {
              "icon": [
                512,
                512,
                [
                  9881,
                  "cog",
                ],
                "f013",
                "M195.1 9.5C198.1-5.3 211.2-16 226.4-16l59.8 0c15.2 0 28.3 10.7 31.3 25.5L332 79.5c14.1 6 27.3 13.7 39.3 22.8l67.8-22.5c14.4-4.8 30.2 1.2 37.8 14.4l29.9 51.8c7.6 13.2 4.9 29.8-6.5 39.9L447 233.3c.9 7.4 1.3 15 1.3 22.7s-.5 15.3-1.3 22.7l53.4 47.5c11.4 10.1 14 26.8 6.5 39.9l-29.9 51.8c-7.6 13.1-23.4 19.2-37.8 14.4l-67.8-22.5c-12.1 9.1-25.3 16.7-39.3 22.8l-14.4 69.9c-3.1 14.9-16.2 25.5-31.3 25.5l-59.8 0c-15.2 0-28.3-10.7-31.3-25.5l-14.4-69.9c-14.1-6-27.2-13.7-39.3-22.8L73.5 432.3c-14.4 4.8-30.2-1.2-37.8-14.4L5.8 366.1c-7.6-13.2-4.9-29.8 6.5-39.9l53.4-47.5c-.9-7.4-1.3-15-1.3-22.7s.5-15.3 1.3-22.7L12.3 185.8c-11.4-10.1-14-26.8-6.5-39.9L35.7 94.1c7.6-13.2 23.4-19.2 37.8-14.4l67.8 22.5c12.1-9.1 25.3-16.7 39.3-22.8L195.1 9.5zM256.3 336a80 80 0 1 0 -.6-160 80 80 0 1 0 .6 160z",
              ],
              "iconName": "gear",
              "prefix": "fas",
            }
          }
          size={28}
        />
      </View>
    </View>
  </View>
  <View>
    <View
      style={
        {
          "alignItems": "center",
          "display": "flex",
          "flexDirection": "row",
          "flexWrap": "wrap",
          "justifyContent": "space-between",
          "marginVertical": 5,
          "width": "100%",
        }
      }
    >
      <View
        style={
          {
            "height": 30,
            "marginHorizontal": 10,
            "width": 30,
          }
        }
      />
      <Text
        style={
          {
            "color": "#ffffff",
            "fontSize": 18,
            "fontWeight": "bold",
            "opacity": 0.87,
            "paddingHorizontal": 5,
            "textAlign": "center",
          }
        }
      >
        text translated
      </Text>
      <View
        style={
          {
            "height": 30,
            "marginHorizontal": 10,
            "width": 30,
          }
        }
      />
    </View>
    <View
      style={
        {
          "backgroundColor": "#18bd18",
          "height": 1,
          "width": "100%",
        }
      }
    />
  </View>
  <View
    style={
      {
        "alignItems": "center",
        "flexDirection": "row",
        "justifyContent": "center",
        "marginBottom": 2,
        "marginHorizontal": 5,
        "width": "auto",
      }
    }
  >
    <RCTScrollView
      contentContainerStyle={
        {
          "marginTop": 10,
          "width": "auto",
        }
      }
      horizontal={true}
      showsHorizontalScrollIndicator={false}
    >
      <View>
        <View
          accessibilityState={
            {
              "busy": undefined,
              "checked": undefined,
              "disabled": undefined,
              "expanded": undefined,
              "selected": undefined,
            }
          }
          accessibilityValue={
            {
              "max": undefined,
              "min": undefined,
              "now": undefined,
              "text": undefined,
            }
          }
          accessible={true}
          collapsable={false}
          focusable={true}
          onClick={[Function]}
          onResponderGrant={[Function]}
          onResponderMove={[Function]}
          onResponderRelease={[Function]}
          onResponderTerminate={[Function]}
          onResponderTerminationRequest={[Function]}
          onStartShouldSetResponder={[Function]}
          style={
            {
              "opacity": 1,
            }
          }
        >
          <View
            style={
              {
                "marginHorizontal": 0,
                "paddingHorizontal": 5,
              }
            }
          >
            <Text
              style={
                {
                  "color": "#18bd18",
                  "fontSize": 15,
                  "fontWeight": "bold",
                  "opacity": 1,
                  "textDecorationLine": "underline",
                }
              }
            >
              text translated
            </Text>
          </View>
        </View>
        <View
          accessibilityState={
            {
              "busy": undefined,
              "checked": undefined,
              "disabled": undefined,
              "expanded": undefined,
              "selected": undefined,
            }
          }
          accessibilityValue={
            {
              "max": undefined,
              "min": undefined,
              "now": undefined,
              "text": undefined,
            }
          }
          accessible={true}
          collapsable={false}
          focusable={true}
          onClick={[Function]}
          onResponderGrant={[Function]}
          onResponderMove={[Function]}
          onResponderRelease={[Function]}
          onResponderTerminate={[Function]}
          onResponderTerminationRequest={[Function]}
          onStartShouldSetResponder={[Function]}
          style={
            {
              "opacity": 1,
            }
          }
        >
          <View
            style={
              {
                "backgroundColor": "#18bd18",
                "borderColor": "#18bd18",
                "borderRadius": 15,
                "borderWidth": 1,
                "marginHorizontal": 10,
                "paddingHorizontal": 10,
                "paddingVertical": 5,
              }
            }
          >
            <Text
              style={
                {
                  "color": "#040C17",
                  "fontWeight": "bold",
                  "opacity": 0.65,
                }
              }
            >
              text translated
            </Text>
          </View>
        </View>
        <View
          accessibilityState={
            {
              "busy": undefined,
              "checked": undefined,
              "disabled": undefined,
              "expanded": undefined,
              "selected": undefined,
            }
          }
          accessibilityValue={
            {
              "max": undefined,
              "min": undefined,
              "now": undefined,
              "text": undefined,
            }
          }
          accessible={true}
          collapsable={false}
          focusable={true}
          onClick={[Function]}
          onResponderGrant={[Function]}
          onResponderMove={[Function]}
          onResponderRelease={[Function]}
          onResponderTerminate={[Function]}
          onResponderTerminationRequest={[Function]}
          onStartShouldSetResponder={[Function]}
          style={
            {
              "opacity": 1,
            }
          }
        >
          <View
            style={
              {
                "backgroundColor": "#040C17",
                "borderColor": "#888888",
                "borderRadius": 15,
                "borderWidth": 1,
                "marginHorizontal": 0,
                "paddingHorizontal": 10,
                "paddingVertical": 5,
              }
            }
          >
            <Text
              style={
                {
                  "color": "#888888",
                  "fontWeight": "bold",
                  "opacity": 0.65,
                }
              }
            >
              text translated
            </Text>
          </View>
        </View>
        <View
          accessibilityState={
            {
              "busy": undefined,
              "checked": undefined,
              "disabled": undefined,
              "expanded": undefined,
              "selected": undefined,
            }
          }
          accessibilityValue={
            {
              "max": undefined,
              "min": undefined,
              "now": undefined,
              "text": undefined,
            }
          }
          accessible={true}
          collapsable={false}
          focusable={true}
          onClick={[Function]}
          onResponderGrant={[Function]}
          onResponderMove={[Function]}
          onResponderRelease={[Function]}
          onResponderTerminate={[Function]}
          onResponderTerminationRequest={[Function]}
          onStartShouldSetResponder={[Function]}
          style={
            {
              "opacity": 1,
            }
          }
        >
          <View
            style={
              {
                "backgroundColor": "#040C17",
                "borderColor": "#888888",
                "borderRadius": 15,
                "borderWidth": 1,
                "marginHorizontal": 10,
                "paddingHorizontal": 10,
                "paddingVertical": 5,
              }
            }
          >
            <Text
              style={
                {
                  "color": "#888888",
                  "fontWeight": "bold",
                  "opacity": 0.65,
                }
              }
            >
              text translated
            </Text>
          </View>
        </View>
        <View
          accessibilityState={
            {
              "busy": undefined,
              "checked": undefined,
              "disabled": undefined,
              "expanded": undefined,
              "selected": undefined,
            }
          }
          accessibilityValue={
            {
              "max": undefined,
              "min": undefined,
              "now": undefined,
              "text": undefined,
            }
          }
          accessible={true}
          collapsable={false}
          focusable={true}
          onClick={[Function]}
          onResponderGrant={[Function]}
          onResponderMove={[Function]}
          onResponderRelease={[Function]}
          onResponderTerminate={[Function]}
          onResponderTerminationRequest={[Function]}
          onStartShouldSetResponder={[Function]}
          style={
            {
              "opacity": 1,
            }
          }
        >
          <
            color="#888888"
            icon={
              {
                "icon": [
                  512,
                  512,
                  [
                    128269,
                    "search",
                  ],
                  "f002",
                  "M416 208c0 45.9-14.9 88.3-40 122.7L502.6 457.4c12.5 12.5 12.5 32.8 0 45.3s-32.8 12.5-45.3 0L330.7 376C296.3 401.1 253.9 416 208 416 93.1 416 0 322.9 0 208S93.1 0 208 0 416 93.1 416 208zM208 352a144 144 0 1 0 0-288 144 144 0 1 0 0 288z",
                ],
                "iconName": "magnifying-glass",
                "prefix": "fas",
              }
            }
            size={24}
            style={
              {
                "margin": 0,
              }
            }
          />
        </View>
      </View>
    </RCTScrollView>
  </View>
  <ActivityIndicator
    color="#18bd18"
    size="large"
    style={
      {
        "marginVertical": 20,
      }
    }
  />
</View>
`;
