// Jest Snapshot v1, https://jestjs.io/docs/snapshot-testing

exports[`Component ImportUfvk - test ImportUfvk - snapshot 1`] = `
<View
  style={
    [
      {
        "flex": 1,
      },
      undefined,
    ]
  }
>
  <View />
  <View
    onLayout={[Function]}
    style={
      [
        {
          "backgroundColor": "#011401",
          "flex": 1,
        },
        {
          "paddingBottom": 0,
        },
      ]
    }
  >
    <View
      style={
        {
          "height": 48,
          "justifyContent": "center",
          "marginTop": 10,
          "paddingHorizontal": 16,
        }
      }
    >
      <View
        style={
          {
            "justifyContent": "center",
            "width": 58,
          }
        }
      >
        <View
          accessibilityState={
            {
              "busy": undefined,
              "checked": undefined,
              "disabled": undefined,
              "expanded": undefined,
              "selected": undefined,
            }
          }
          accessibilityValue={
            {
              "max": undefined,
              "min": undefined,
              "now": undefined,
              "text": undefined,
            }
          }
          accessible={true}
          collapsable={false}
          focusable={true}
          hitSlop={
            {
              "bottom": 10,
              "left": 10,
              "right": 10,
              "top": 10,
            }
          }
          onClick={[Function]}
          onResponderGrant={[Function]}
          onResponderMove={[Function]}
          onResponderRelease={[Function]}
          onResponderTerminate={[Function]}
          onResponderTerminationRequest={[Function]}
          onStartShouldSetResponder={[Function]}
          style={
            {
              "alignItems": "center",
              "borderColor": "#c3c3c3",
              "borderRadius": 30,
              "borderWidth": 0.2,
              "height": 48,
              "justifyContent": "center",
              "opacity": 1,
              "width": 48,
            }
          }
        >
          <
            color="#c3c3c3"
            icon={
              {
                "icon": [
                  320,
                  512,
                  [
                    9001,
                  ],
                  "f053",
                  "M9.4 233.4c-12.5 12.5-12.5 32.8 0 45.3l192 192c12.5 12.5 32.8 12.5 45.3 0s12.5-32.8 0-45.3L77.3 256 246.6 86.6c12.5-12.5 12.5-32.8 0-45.3s-32.8-12.5-45.3 0l-192 192z",
                ],
                "iconName": "chevron-left",
                "prefix": "fas",
              }
            }
            size={22}
          />
        </View>
      </View>
      <View
        pointerEvents="none"
        style={
          {
            "alignItems": "center",
            "justifyContent": "center",
            "left": 74,
            "position": "absolute",
            "right": 74,
          }
        }
      >
        <Text
          numberOfLines={1}
          style={
            [
              {
                "fontSize": 22,
                "fontStyle": "normal",
                "fontWeight": "400",
                "textAlign": "center",
              },
              {
                "color": "#c3c3c3",
              },
            ]
          }
        >
          Import wallet
        </Text>
      </View>
      <View
        style={
          {
            "justifyContent": "center",
            "width": 58,
          }
        }
      />
    </View>
    <RCTScrollView
      contentContainerStyle={
        {
          "flexGrow": 1,
          "paddingBottom": NaN,
          "paddingHorizontal": 10,
        }
      }
      keyboardShouldPersistTaps="handled"
    >
      <View>
        <View
          style={
            {
              "alignItems": "center",
              "flexGrow": 1,
              "justifyContent": "flex-start",
            }
          }
        >
          <Text
            style={
              {
                "color": "#c3c3c3",
                "marginBottom": 15,
                "marginTop": 5,
                "opacity": 0.65,
              }
            }
          >
            Enter your recovery phrase
          </Text>
          <View
            style={
              {
                "alignItems": "center",
                "backgroundColor": undefined,
                "borderColor": "#ffffff",
                "borderRadius": 25,
                "borderWidth": 1,
                "flexDirection": "row",
                "justifyContent": "flex-start",
                "marginBottom": 10,
                "maxWidth": 520,
                "minHeight": 48,
                "minWidth": "50%",
                "paddingHorizontal": 25,
                "paddingVertical": 7,
                "width": "100%",
              }
            }
          >
            <TextInput
              autoCapitalize="none"
              autoCorrect={false}
              editable={true}
              keyboardType="default"
              multiline={true}
              onChangeText={[Function]}
              placeholder="Paste your seed phrase (24 words)"
              placeholderTextColor="#888888"
              returnKeyType="done"
              style={
                {
                  "backgroundColor": "transparent",
                  "color": "#c3c3c3",
                  "flexGrow": 1,
                  "flexShrink": 1,
                  "fontSize": 16,
                  "fontWeight": "600",
                  "marginHorizontal": 5,
                  "minHeight": 100,
                  "textAlignVertical": "top",
                }
              }
              testID="import.seedufvkinput"
              value=""
            />
          </View>
          <Text
            style={
              {
                "color": "#c3c3c3",
                "fontSize": 20,
                "fontWeight": "600",
                "marginBottom": 10,
                "marginTop": 20,
                "opacity": 1,
              }
            }
          >
            Birthday (Optional)
          </Text>
          <View
            style={
              {
                "alignItems": "center",
                "backgroundColor": undefined,
                "borderColor": "#ffffff",
                "borderRadius": 25,
                "borderWidth": 1,
                "flexDirection": "row",
                "justifyContent": "flex-start",
                "marginBottom": 10,
                "maxWidth": 520,
                "minHeight": 48,
                "minWidth": "50%",
                "paddingHorizontal": 25,
                "paddingVertical": 7,
                "width": "100%",
              }
            }
          >
            <TextInput
              autoCapitalize="none"
              autoCorrect={false}
              editable={true}
              keyboardType="numeric"
              maxLength={100}
              onChangeText={[Function]}
              placeholder="0"
              placeholderTextColor="#888888"
              returnKeyType="done"
              style={
                {
                  "backgroundColor": "transparent",
                  "color": "#c3c3c3",
                  "flexGrow": 1,
                  "flexShrink": 1,
                  "fontSize": 18,
                  "fontWeight": "600",
                  "marginLeft": 5,
                  "minHeight": 48,
                }
              }
              value=""
            />
          </View>
        </View>
      </View>
    </RCTScrollView>
    <View
      style={
        {
          "alignItems": "center",
          "justifyContent": "center",
          "marginTop": "auto",
          "paddingBottom": 20,
          "paddingHorizontal": 15,
          "paddingTop": 10,
        }
      }
    >
      <View
        accessibilityLabel=""
        accessibilityRole="button"
        accessibilityState={
          {
            "busy": false,
            "checked": undefined,
            "disabled": true,
            "expanded": undefined,
            "selected": undefined,
          }
        }
        accessibilityValue={
          {
            "max": undefined,
            "min": undefined,
            "now": undefined,
            "text": undefined,
          }
        }
        accessible={true}
        collapsable={false}
        focusable={true}
        onBlur={[Function]}
        onClick={[Function]}
        onFocus={[Function]}
        onResponderGrant={[Function]}
        onResponderMove={[Function]}
        onResponderRelease={[Function]}
        onResponderTerminate={[Function]}
        onResponderTerminationRequest={[Function]}
        onStartShouldSetResponder={[Function]}
        style={
          [
            {
              "alignItems": "center",
              "borderRadius": 20,
              "justifyContent": "center",
              "minHeight": 44,
              "paddingHorizontal": 16,
            },
            {
              "width": "100%",
            },
            {
              "backgroundColor": "#18bd18",
              "borderColor": "#18bd18",
              "borderWidth": 1,
            },
            {
              "opacity": 0.55,
            },
            false,
            {
              "marginBottom": 4,
              "maxWidth": 520,
            },
          ]
        }
      >
        <Text
          style={
            [
              {
                "fontSize": 16,
                "fontWeight": "600",
                "textAlign": "center",
              },
              {
                "color": "#c3c3c3",
              },
              undefined,
            ]
          }
        />
      </View>
    </View>
  </View>
</View>
`;
