// Jest Snapshot v1, https://jestjs.io/docs/snapshot-testing

exports[`Component Info - test Info - snapshot 1`] = `
<View
  onLayout={[Function]}
  style={
    {
      "backgroundColor": "#011401",
      "flex": 1,
    }
  }
>
  <View
    onLayout={[Function]}
  />
  <View
    style={
      {
        "display": "flex",
        "margin": 20,
        "marginBottom": 30,
      }
    }
  >
    <View
      style={
        {
          "display": "flex",
          "marginTop": 20,
        }
      }
    >
      <Text
        style={
          {
            "color": "#c3c3c3",
            "opacity": 0.65,
          }
        }
      >
        text translated
      </Text>
      <View
        accessibilityState={
          {
            "busy": undefined,
            "checked": undefined,
            "disabled": undefined,
            "expanded": undefined,
            "selected": undefined,
          }
        }
        accessibilityValue={
          {
            "max": undefined,
            "min": undefined,
            "now": undefined,
            "text": undefined,
          }
        }
        accessible={true}
        collapsable={false}
        focusable={true}
        onClick={[Function]}
        onResponderGrant={[Function]}
        onResponderMove={[Function]}
        onResponderRelease={[Function]}
        onResponderTerminate={[Function]}
        onResponderTerminationRequest={[Function]}
        onStartShouldSetResponder={[Function]}
        style={
          {
            "opacity": 1,
          }
        }
      >
        <Text
          style={
            {
              "color": "#c3c3c3",
              "fontSize": 15,
              "fontWeight": "400",
              "opacity": 1,
            }
          }
        >
          Zingo 2.0.19 (307)
        </Text>
      </View>
    </View>
    <View
      style={
        {
          "display": "flex",
          "marginTop": 20,
        }
      }
    >
      <Text
        style={
          {
            "color": "#c3c3c3",
            "opacity": 0.65,
          }
        }
      >
        text translated
      </Text>
      <View
        accessibilityState={
          {
            "busy": undefined,
            "checked": undefined,
            "disabled": undefined,
            "expanded": undefined,
            "selected": undefined,
          }
        }
        accessibilityValue={
          {
            "max": undefined,
            "min": undefined,
            "now": undefined,
            "text": undefined,
          }
        }
        accessible={true}
        collapsable={false}
        focusable={true}
        onClick={[Function]}
        onResponderGrant={[Function]}
        onResponderMove={[Function]}
        onResponderRelease={[Function]}
        onResponderTerminate={[Function]}
        onResponderTerminationRequest={[Function]}
        onStartShouldSetResponder={[Function]}
        style={
          {
            "opacity": 1,
          }
        }
      >
        <Text
          style={
            {
              "color": "#c3c3c3",
              "fontSize": 15,
              "fontWeight": "400",
              "opacity": 1,
            }
          }
        >
          server_version
        </Text>
      </View>
    </View>
    <View
      style={
        {
          "display": "flex",
          "marginTop": 20,
        }
      }
    >
      <Text
        style={
          {
            "color": "#c3c3c3",
            "opacity": 0.65,
          }
        }
      >
        text translated
      </Text>
      <View
        accessibilityState={
          {
            "busy": undefined,
            "checked": undefined,
            "disabled": undefined,
            "expanded": undefined,
            "selected": undefined,
          }
        }
        accessibilityValue={
          {
            "max": undefined,
            "min": undefined,
            "now": undefined,
            "text": undefined,
          }
        }
        accessible={true}
        collapsable={false}
        focusable={true}
        onClick={[Function]}
        onResponderGrant={[Function]}
        onResponderMove={[Function]}
        onResponderRelease={[Function]}
        onResponderTerminate={[Function]}
        onResponderTerminationRequest={[Function]}
        onStartShouldSetResponder={[Function]}
        style={
          {
            "opacity": 1,
          }
        }
      >
        <Text
          style={
            {
              "color": "#c3c3c3",
              "fontSize": 15,
              "fontWeight": "400",
              "opacity": 1,
            }
          }
        >
          https://zec.rocks:443
        </Text>
      </View>
    </View>
    <View
      style={
        {
          "display": "flex",
          "marginTop": 20,
        }
      }
    >
      <Text
        style={
          {
            "color": "#c3c3c3",
            "opacity": 0.65,
          }
        }
      >
        text translated
      </Text>
      <View
        accessibilityState={
          {
            "busy": undefined,
            "checked": undefined,
            "disabled": undefined,
            "expanded": undefined,
            "selected": undefined,
          }
        }
        accessibilityValue={
          {
            "max": undefined,
            "min": undefined,
            "now": undefined,
            "text": undefined,
          }
        }
        accessible={true}
        collapsable={false}
        focusable={true}
        onClick={[Function]}
        onResponderGrant={[Function]}
        onResponderMove={[Function]}
        onResponderRelease={[Function]}
        onResponderTerminate={[Function]}
        onResponderTerminationRequest={[Function]}
        onStartShouldSetResponder={[Function]}
        style={
          {
            "opacity": 1,
          }
        }
      >
        <Text
          style={
            {
              "color": "#c3c3c3",
              "fontSize": 15,
              "fontWeight": "400",
              "opacity": 1,
            }
          }
        >
          Mainnet
        </Text>
      </View>
    </View>
    <View
      style={
        {
          "display": "flex",
          "marginTop": 20,
        }
      }
    >
      <Text
        style={
          {
            "color": "#c3c3c3",
            "opacity": 0.65,
          }
        }
      >
        text translated
      </Text>
      <View
        accessibilityState={
          {
            "busy": undefined,
            "checked": undefined,
            "disabled": undefined,
            "expanded": undefined,
            "selected": undefined,
          }
        }
        accessibilityValue={
          {
            "max": undefined,
            "min": undefined,
            "now": undefined,
            "text": undefined,
          }
        }
        accessible={true}
        collapsable={false}
        focusable={true}
        onClick={[Function]}
        onResponderGrant={[Function]}
        onResponderMove={[Function]}
        onResponderRelease={[Function]}
        onResponderTerminate={[Function]}
        onResponderTerminationRequest={[Function]}
        onStartShouldSetResponder={[Function]}
        style={
          {
            "opacity": 1,
          }
        }
      >
        <Text
          style={
            {
              "color": "#c3c3c3",
              "fontSize": 15,
              "fontWeight": "400",
              "opacity": 1,
            }
          }
        >
          2000000
        </Text>
      </View>
    </View>
  </View>
</View>
`;
