// Jest Snapshot v1, https://jestjs.io/docs/snapshot-testing

exports[`Component Insight - test Insight - snapshot 1`] = `
<View
  style={
    [
      {
        "flex": 1,
      },
      undefined,
    ]
  }
>
  <View />
  <View
    style={
      {
        "backgroundColor": "#011401",
        "flex": 1,
      }
    }
  >
    <View>
      <View
        style={
          {
            "alignItems": "center",
            "backgroundColor": "#011401",
            "display": "flex",
            "minHeight": 25,
            "paddingBottom": 0,
            "paddingTop": 10,
          }
        }
        testID="header"
      >
        <View
          style={
            {
              "borderRadius": 3,
              "display": "flex",
              "height": 5,
              "justifyContent": "flex-start",
              "marginTop": 10,
              "width": "30%",
            }
          }
        />
        <View
          style={
            {
              "alignItems": "center",
              "display": "flex",
              "flexDirection": "row",
              "flexWrap": "wrap",
              "justifyContent": "center",
              "marginHorizontal": 5,
              "marginTop": 0,
            }
          }
        />
        <View
          style={
            {
              "alignItems": "center",
              "display": "flex",
              "flexDirection": "row",
              "flexWrap": "wrap",
              "justifyContent": "center",
              "marginTop": 10,
            }
          }
        >
          <View
            style={
              {
                "alignItems": "center",
                "display": "flex",
                "flexWrap": "wrap",
                "justifyContent": "center",
              }
            }
          >
            <View
              accessibilityState={
                {
                  "busy": undefined,
                  "checked": undefined,
                  "disabled": undefined,
                  "expanded": undefined,
                  "selected": undefined,
                }
              }
              accessibilityValue={
                {
                  "max": undefined,
                  "min": undefined,
                  "now": undefined,
                  "text": undefined,
                }
              }
              accessible={true}
              collapsable={false}
              focusable={true}
              onClick={[Function]}
              onResponderGrant={[Function]}
              onResponderMove={[Function]}
              onResponderRelease={[Function]}
              onResponderTerminate={[Function]}
              onResponderTerminationRequest={[Function]}
              onStartShouldSetResponder={[Function]}
              style={
                {
                  "alignItems": "center",
                  "justifyContent": "center",
                  "opacity": 1,
                }
              }
            >
              <View
                style={
                  {
                    "backgroundColor": undefined,
                    "borderRadius": 35,
                    "margin": 10,
                    "padding": 20,
                  }
                }
              >
                <
                  color="#c3c3c3"
                  icon={
                    {
                      "icon": [
                        384,
                        512,
                        [
                          8593,
                        ],
                        "f062",
                        "M214.6 17.4c-12.5-12.5-32.8-12.5-45.3 0l-160 160c-12.5 12.5-12.5 32.8 0 45.3s32.8 12.5 45.3 0L160 117.3 160 488c0 17.7 14.3 32 32 32s32-14.3 32-32l0-370.7 105.4 105.4c12.5 12.5 32.8 12.5 45.3 0s12.5-32.8 0-45.3l-160-160z",
                      ],
                      "iconName": "arrow-up",
                      "prefix": "fas",
                    }
                  }
                  size={30}
                  style={
                    {
                      "transform": [
                        {
                          "rotate": "45deg",
                        },
                      ],
                    }
                  }
                />
              </View>
              <Text
                style={
                  {
                    "color": "#c3c3c3",
                    "opacity": 0.65,
                  }
                }
              >
                Send
              </Text>
            </View>
          </View>
          <View
            style={
              {
                "alignItems": "center",
                "display": "flex",
                "flexWrap": "wrap",
                "justifyContent": "center",
              }
            }
          >
            <View
              accessibilityState={
                {
                  "busy": undefined,
                  "checked": undefined,
                  "disabled": undefined,
                  "expanded": undefined,
                  "selected": undefined,
                }
              }
              accessibilityValue={
                {
                  "max": undefined,
                  "min": undefined,
                  "now": undefined,
                  "text": undefined,
                }
              }
              accessible={true}
              collapsable={false}
              focusable={true}
              onClick={[Function]}
              onResponderGrant={[Function]}
              onResponderMove={[Function]}
              onResponderRelease={[Function]}
              onResponderTerminate={[Function]}
              onResponderTerminationRequest={[Function]}
              onStartShouldSetResponder={[Function]}
              style={
                {
                  "alignItems": "center",
                  "justifyContent": "center",
                  "opacity": 1,
                }
              }
            >
              <View
                style={
                  {
                    "backgroundColor": undefined,
                    "borderRadius": 35,
                    "margin": 10,
                    "padding": 20,
                  }
                }
              >
                <
                  color="#c3c3c3"
                  icon={
                    {
                      "icon": [
                        384,
                        512,
                        [
                          8595,
                        ],
                        "f063",
                        "M169.4 502.6c12.5 12.5 32.8 12.5 45.3 0l160-160c12.5-12.5 12.5-32.8 0-45.3s-32.8-12.5-45.3 0L224 402.7 224 32c0-17.7-14.3-32-32-32s-32 14.3-32 32l0 370.7-105.4-105.4c-12.5-12.5-32.8-12.5-45.3 0s-12.5 32.8 0 45.3l160 160z",
                      ],
                      "iconName": "arrow-down",
                      "prefix": "fas",
                    }
                  }
                  size={30}
                  style={
                    {
                      "transform": [
                        {
                          "rotate": "45deg",
                        },
                      ],
                    }
                  }
                />
              </View>
              <Text
                style={
                  {
                    "color": "#c3c3c3",
                    "opacity": 0.65,
                  }
                }
              >
                Receive
              </Text>
            </View>
          </View>
          <View
            style={
              {
                "alignItems": "center",
                "display": "flex",
                "flexWrap": "wrap",
                "justifyContent": "center",
              }
            }
          >
            <View
              accessibilityState={
                {
                  "busy": undefined,
                  "checked": undefined,
                  "disabled": undefined,
                  "expanded": undefined,
                  "selected": undefined,
                }
              }
              accessibilityValue={
                {
                  "max": undefined,
                  "min": undefined,
                  "now": undefined,
                  "text": undefined,
                }
              }
              accessible={true}
              collapsable={false}
              focusable={true}
              onClick={[Function]}
              onResponderGrant={[Function]}
              onResponderMove={[Function]}
              onResponderRelease={[Function]}
              onResponderTerminate={[Function]}
              onResponderTerminationRequest={[Function]}
              onStartShouldSetResponder={[Function]}
              style={
                {
                  "alignItems": "center",
                  "justifyContent": "center",
                  "opacity": 1,
                }
              }
            >
              <View
                style={
                  {
                    "backgroundColor": undefined,
                    "borderRadius": 35,
                    "margin": 10,
                    "padding": 20,
                  }
                }
              >
                <
                  color="#c3c3c3"
                  icon={
                    {
                      "icon": [
                        512,
                        512,
                        [],
                        "e005",
                        "M192 64c0-17.7 14.3-32 32-32s32 14.3 32 32l96 0c17.7 0 32 14.3 32 32s-14.3 32-32 32l-96 0 0 64 18.7 0c8.5 0 16.6 3.4 22.6 9.4l22.6 22.6 32 0c88.4 0 160 71.6 160 160 0 17.7-14.3 32-32 32l-64 0c-17.7 0-32-14.3-32-32s-14.3-32-32-32l-36.1 0c-20.2 29-53.9 48-91.9 48s-71.7-19-91.9-48L32 352c-17.7 0-32-14.3-32-32l0-64c0-17.7 14.3-32 32-32l96 0 22.6-22.6c6-6 14.1-9.4 22.6-9.4l18.7 0 0-64-96 0c-17.7 0-32-14.3-32-32S78.3 64 96 64l96 0z",
                      ],
                      "iconName": "faucet",
                      "prefix": "fas",
                    }
                  }
                  size={30}
                />
              </View>
              <Text
                style={
                  {
                    "color": "#c3c3c3",
                    "opacity": 0.65,
                  }
                }
              >
                Faucet
              </Text>
            </View>
          </View>
        </View>
        <View
          style={
            {
              "left": 0,
              "padding": 11.5,
              "position": "absolute",
            }
          }
        >
          <View
            style={
              {
                "alignItems": "center",
                "flexDirection": "row",
                "height": 40,
              }
            }
          />
        </View>
      </View>
      <View
        style={
          {
            "padding": 13,
            "position": "absolute",
            "right": 0,
          }
        }
      >
        <View
          accessibilityState={
            {
              "busy": undefined,
              "checked": undefined,
              "disabled": undefined,
              "expanded": undefined,
              "selected": undefined,
            }
          }
          accessibilityValue={
            {
              "max": undefined,
              "min": undefined,
              "now": undefined,
              "text": undefined,
            }
          }
          accessible={true}
          collapsable={false}
          focusable={true}
          onClick={[Function]}
          onResponderGrant={[Function]}
          onResponderMove={[Function]}
          onResponderRelease={[Function]}
          onResponderTerminate={[Function]}
          onResponderTerminationRequest={[Function]}
          onStartShouldSetResponder={[Function]}
          style={
            {
              "marginRight": 5,
              "opacity": 1,
            }
          }
          testID="header.drawmenu"
        >
          <View
            color="#ffffff"
            height={35}
            width={35}
          />
        </View>
      </View>
    </View>
    <View
      style={
        {
          "flexDirection": "row",
          "marginTop": 10,
          "width": "100%",
        }
      }
    >
      <View
        accessibilityState={
          {
            "busy": undefined,
            "checked": undefined,
            "disabled": undefined,
            "expanded": undefined,
            "selected": undefined,
          }
        }
        accessibilityValue={
          {
            "max": undefined,
            "min": undefined,
            "now": undefined,
            "text": undefined,
          }
        }
        accessible={true}
        collapsable={false}
        focusable={true}
        onClick={[Function]}
        onResponderGrant={[Function]}
        onResponderMove={[Function]}
        onResponderRelease={[Function]}
        onResponderTerminate={[Function]}
        onResponderTerminationRequest={[Function]}
        onStartShouldSetResponder={[Function]}
        style={
          {
            "opacity": 1,
          }
        }
      >
        <View
          style={
            {
              "alignItems": "center",
              "borderBottomColor": "#18bd18",
              "borderBottomWidth": 2,
              "paddingBottom": 10,
              "width": 243.33333333333334,
            }
          }
        >
          <Text
            style={
              {
                "color": "#c3c3c3",
                "fontSize": 15,
                "fontWeight": "bold",
                "opacity": 1,
              }
            }
          >
            text translated
          </Text>
          <Text
            style={
              {
                "color": "#18bd18",
                "fontSize": 11,
                "fontWeight": "600",
                "opacity": 1,
              }
            }
          >
            (
            text translated
            )
          </Text>
        </View>
      </View>
      <View
        accessibilityState={
          {
            "busy": undefined,
            "checked": undefined,
            "disabled": undefined,
            "expanded": undefined,
            "selected": undefined,
          }
        }
        accessibilityValue={
          {
            "max": undefined,
            "min": undefined,
            "now": undefined,
            "text": undefined,
          }
        }
        accessible={true}
        collapsable={false}
        focusable={true}
        onClick={[Function]}
        onResponderGrant={[Function]}
        onResponderMove={[Function]}
        onResponderRelease={[Function]}
        onResponderTerminate={[Function]}
        onResponderTerminationRequest={[Function]}
        onStartShouldSetResponder={[Function]}
        style={
          {
            "opacity": 1,
          }
        }
      >
        <View
          style={
            {
              "alignItems": "center",
              "borderBottomColor": "#18bd18",
              "borderBottomWidth": 0,
              "paddingBottom": 10,
              "width": 243.33333333333334,
            }
          }
        >
          <Text
            style={
              {
                "color": "#c3c3c3",
                "fontSize": 14,
                "fontWeight": "normal",
                "opacity": 1,
              }
            }
          >
            text translated
          </Text>
          <Text
            style={
              {
                "color": "#c3c3c3",
                "fontSize": 11,
                "fontWeight": "600",
                "opacity": 1,
              }
            }
          >
            (
            text translated
            )
          </Text>
        </View>
      </View>
      <View
        accessibilityState={
          {
            "busy": undefined,
            "checked": undefined,
            "disabled": undefined,
            "expanded": undefined,
            "selected": undefined,
          }
        }
        accessibilityValue={
          {
            "max": undefined,
            "min": undefined,
            "now": undefined,
            "text": undefined,
          }
        }
        accessible={true}
        collapsable={false}
        focusable={true}
        onClick={[Function]}
        onResponderGrant={[Function]}
        onResponderMove={[Function]}
        onResponderRelease={[Function]}
        onResponderTerminate={[Function]}
        onResponderTerminationRequest={[Function]}
        onStartShouldSetResponder={[Function]}
        style={
          {
            "opacity": 1,
          }
        }
      >
        <View
          style={
            {
              "alignItems": "center",
              "borderBottomColor": "#18bd18",
              "borderBottomWidth": 0,
              "paddingBottom": 10,
              "width": 243.33333333333334,
            }
          }
        >
          <Text
            style={
              {
                "color": "#c3c3c3",
                "fontSize": 14,
                "fontWeight": "normal",
                "opacity": 1,
              }
            }
          >
            text translated
          </Text>
          <Text
            style={
              {
                "color": "#c3c3c3",
                "fontSize": 11,
                "fontWeight": "600",
                "opacity": 1,
              }
            }
          >
            (
            text translated
            )
          </Text>
        </View>
      </View>
    </View>
    <RCTScrollView
      contentContainerStyle={{}}
      indicatorStyle="white"
      persistentScrollbar={true}
      showsVerticalScrollIndicator={true}
      style={
        {
          "maxHeight": "90%",
        }
      }
    >
      <View>
        <View
          style={
            {
              "display": "flex",
              "margin": 20,
            }
          }
        >
          <ActivityIndicator
            color="#18bd18"
            size="large"
            style={
              {
                "marginTop": 100,
              }
            }
          />
        </View>
        <View
          style={
            {
              "alignItems": "center",
              "display": "flex",
              "marginHorizontal": 5,
              "padding": 0,
            }
          }
        >
          <View
            style={
              {
                "width": "100%",
              }
            }
          />
        </View>
      </View>
    </RCTScrollView>
  </View>
</View>
`;
