// Jest Snapshot v1, https://goo.gl/fbAQLP

exports[`Component LoadingApp - test LoadingApp - snapshot 1`] = `
[
  <View />,
  <View
    style={
      {
        "backgroundColor": "#011401",
        "flex": 1,
        "marginBottom": 0,
        "marginLeft": 0,
        "marginRight": 0,
        "marginTop": 0,
      }
    }
  >
    <View
      style={
        {
          "alignItems": "center",
          "flex": 1,
          "flexDirection": "column",
          "justifyContent": "center",
          "width": "95%",
        }
      }
    >
      <View
        style={
          {
            "alignItems": "center",
            "flexDirection": "column",
            "height": "40%",
            "justifyContent": "flex-end",
            "marginTop": 20,
            "padding": 10,
            "width": "80%",
          }
        }
      >
        <Text
          style={
            {
              "color": "#888888",
              "fontSize": 40,
              "fontWeight": "bold",
            }
          }
        >
          text translated
        </Text>
        <Text
          style={
            {
              "color": "#888888",
              "fontSize": 15,
            }
          }
        >
          text translated
        </Text>
      </View>
      <View
        style={
          {
            "alignItems": "center",
            "flexDirection": "column",
            "height": "60%",
            "justifyContent": "flex-start",
            "marginTop": 20,
            "padding": 10,
            "width": "80%",
          }
        }
      >
        <ActivityIndicator
          color="transparent"
          size="large"
        />
        <Text
          selectable={true}
          style={
            {
              "color": "#c3c3c3",
              "fontSize": 20,
              "fontWeight": "bold",
              "marginTop": 10,
              "opacity": 0,
              "textAlign": "center",
            }
          }
        >
          text translated
        </Text>
        <Text
          selectable={true}
          style={
            {
              "color": "#c3c3c3",
              "fontSize": 15,
              "marginTop": 10,
              "opacity": 0,
              "textAlign": "center",
            }
          }
        >
          text translated
        </Text>
        <Text
          selectable={true}
          style={
            {
              "color": "#c3c3c3",
              "fontSize": 15,
              "marginBottom": 10,
              "marginTop": 10,
              "opacity": 0,
              "textAlign": "center",
            }
          }
        >
          text translated
        </Text>
      </View>
    </View>
  </View>,
]
`;
