// Jest Snapshot v1, https://jestjs.io/docs/snapshot-testing

exports[`Component PriceFetcher - test PriceFetcher - snapshot 1`] = `
<View
  accessibilityElementsHidden={true}
  accessible={false}
  importantForAccessibility="no-hide-descendants"
  pointerEvents="none"
  style={
    [
      {
        "height": 16,
        "width": 16,
      },
      undefined,
    ]
  }
  testID="pricefetcher.ring"
>
  <View
    style={
      [
        {
          "height": 16,
          "width": 16,
        },
        {},
      ]
    }
  />
</View>
`;
