// Jest Snapshot v1, https://goo.gl/fbAQLP

exports[`Component ReceiveScreen - test ReceiveScreen - snapshot 1`] = `
<
  initialLayout={
    Object {
      "width": 750,
    }
  }
  navigationState={
    Object {
      "index": 0,
      "routes": Array [
        Object {
          "key": "zaddr",
          "title": "Z Address",
        },
        Object {
          "key": "taddr",
          "title": "T Address",
        },
      ],
    }
  }
  onIndexChange={[Function]}
  renderScene={[Function]}
  renderTabBar={[Function]}
/>
`;
