// Jest Snapshot v1, https://goo.gl/fbAQLP

exports[`Component Scanner - test Scanner - snapshot 1`] = `
<RNCSafeAreaView
  edges={
    {
      "bottom": "additive",
      "left": "additive",
      "right": "additive",
      "top": "additive",
    }
  }
  style={
    {
      "height": "100%",
      "width": "100%",
    }
  }
/>
`;
