// Jest Snapshot v1, https://goo.gl/fbAQLP

exports[`Component Settings - test Settings - snapshot 1`] = `
<RCTSafeAreaView
  style={
    {
      "alignItems": "stretch",
      "backgroundColor": "rgb(242, 242, 242)",
      "display": "flex",
      "height": "100%",
      "justifyContent": "flex-start",
    }
  }
>
  <View
    style={
      {
        "alignItems": "center",
        "backgroundColor": "rgb(255, 255, 255)",
        "display": "flex",
        "paddingBottom": 0,
        "paddingTop": 10,
        "zIndex": -1,
      }
    }
    testID="header"
  >
    <Image
      source={
        {
          "testUri": "../../../assets/img/logobig-zingo.png",
        }
      }
      style={
        {
          "height": 80,
          "resizeMode": "contain",
          "width": 80,
        }
      }
    />
    <View
      style={
        {
          "height": 20,
        }
      }
    />
    <View
      style={
        {
          "alignItems": "center",
          "display": "flex",
          "flexDirection": "row",
          "flexWrap": "wrap",
          "justifyContent": "center",
          "marginVertical": 5,
        }
      }
    >
      <View
        style={
          {
            "alignItems": "center",
            "display": "flex",
            "flexDirection": "column",
            "flexWrap": "wrap",
            "justifyContent": "center",
          }
        }
      >
        <Text
          style={
            {
              "color": "rgb(28, 28, 30)",
              "fontSize": 18,
              "fontWeight": "600",
              "opacity": 1,
              "paddingHorizontal": 5,
            }
          }
        >
          text translated
        </Text>
      </View>
    </View>
    <View
      style={
        {
          "alignItems": "flex-end",
          "padding": 15,
          "position": "absolute",
          "right": 0,
        }
      }
    >
      <Text
        style={
          {
            "color": "rgb(216, 216, 216)",
            "fontSize": 8,
          }
        }
      >
        text translated
      </Text>
      <Text
        style={
          {
            "color": "rgb(216, 216, 216)",
            "fontSize": 8,
          }
        }
      >
        (undefinedxundefined)-undefined
      </Text>
    </View>
    <View
      style={
        {
          "backgroundColor": "rgb(0, 122, 255)",
          "height": 1,
          "width": "100%",
        }
      }
    />
  </View>
  <RCTScrollView
    contentContainerStyle={
      {
        "alignItems": "stretch",
        "flexDirection": "column",
        "justifyContent": "flex-start",
      }
    }
    style={
      {
        "maxHeight": "85%",
      }
    }
  >
    <View>
      <View
        style={
          {
            "display": "flex",
            "margin": 10,
          }
        }
      >
        <Text
          style={
            {
              "color": "rgb(28, 28, 30)",
              "fontSize": 18,
              "fontWeight": "bold",
              "opacity": 0.87,
            }
          }
        >
          text translated
        </Text>
      </View>
      <View
        style={
          {
            "display": "flex",
            "marginLeft": 25,
          }
        }
      >
        <View>
          <View
            accessibilityState={
              {
                "disabled": false,
              }
            }
            accessible={true}
            collapsable={false}
            focusable={true}
            onClick={[Function]}
            onResponderGrant={[Function]}
            onResponderMove={[Function]}
            onResponderRelease={[Function]}
            onResponderTerminate={[Function]}
            onResponderTerminationRequest={[Function]}
            onStartShouldSetResponder={[Function]}
            style={
              {
                "marginBottom": 5,
                "marginRight": 10,
                "maxHeight": 50,
                "minHeight": 48,
                "opacity": 1,
              }
            }
          >
            <View
              style={
                {
                  "alignItems": "center",
                  "display": "flex",
                  "flexDirection": "row",
                  "marginTop": 10,
                }
              }
            >
              <
                color="rgb(216, 216, 216)"
                icon={
                  {
                    "icon": [
                      512,
                      512,
                      [
                        128308,
                        128309,
                        128992,
                        128993,
                        128994,
                        128995,
                        128996,
                        9679,
                        9898,
                        9899,
                        11044,
                        61708,
                        61915,
                      ],
                      "f111",
                      "M512 256C512 397.4 397.4 512 256 512C114.6 512 0 397.4 0 256C0 114.6 114.6 0 256 0C397.4 0 512 114.6 512 256zM256 48C141.1 48 48 141.1 48 256C48 370.9 141.1 464 256 464C370.9 464 464 370.9 464 256C464 141.1 370.9 48 256 48z",
                    ],
                    "iconName": "circle",
                    "prefix": "far",
                  }
                }
                size={20}
              />
              <Text
                style={
                  {
                    "color": "rgb(28, 28, 30)",
                    "fontSize": 18,
                    "fontWeight": "600",
                    "marginLeft": 10,
                    "opacity": 1,
                  }
                }
              >
                text translated
              </Text>
            </View>
          </View>
          <Text
            style={
              {
                "color": "rgb(28, 28, 30)",
                "opacity": 0.65,
              }
            }
          >
            text true
          </Text>
        </View>
        <View>
          <View
            accessibilityState={
              {
                "disabled": false,
              }
            }
            accessible={true}
            collapsable={false}
            focusable={true}
            onClick={[Function]}
            onResponderGrant={[Function]}
            onResponderMove={[Function]}
            onResponderRelease={[Function]}
            onResponderTerminate={[Function]}
            onResponderTerminationRequest={[Function]}
            onStartShouldSetResponder={[Function]}
            style={
              {
                "marginBottom": 5,
                "marginRight": 10,
                "maxHeight": 50,
                "minHeight": 48,
                "opacity": 1,
              }
            }
          >
            <View
              style={
                {
                  "alignItems": "center",
                  "display": "flex",
                  "flexDirection": "row",
                  "marginTop": 10,
                }
              }
            >
              <
                color="rgb(216, 216, 216)"
                icon={
                  {
                    "icon": [
                      512,
                      512,
                      [
                        128280,
                        "dot-circle",
                      ],
                      "f192",
                      "M256 512c141.4 0 256-114.6 256-256S397.4 0 256 0S0 114.6 0 256S114.6 512 256 512zm0-160c-53 0-96-43-96-96s43-96 96-96s96 43 96 96s-43 96-96 96z",
                    ],
                    "iconName": "circle-dot",
                    "prefix": "fas",
                  }
                }
                size={20}
              />
              <Text
                style={
                  {
                    "color": "rgb(28, 28, 30)",
                    "fontSize": 18,
                    "fontWeight": "600",
                    "marginLeft": 10,
                    "opacity": 1,
                  }
                }
              >
                text translated
              </Text>
            </View>
          </View>
          <Text
            style={
              {
                "color": "rgb(28, 28, 30)",
                "opacity": 0.65,
              }
            }
          >
            text false
          </Text>
        </View>
      </View>
      <View
        style={
          {
            "display": "flex",
            "margin": 10,
          }
        }
      >
        <Text
          style={
            {
              "color": "rgb(28, 28, 30)",
              "fontSize": 18,
              "fontWeight": "bold",
              "opacity": 0.87,
            }
          }
        >
          text translated
        </Text>
      </View>
      <View
        style={
          {
            "display": "flex",
            "marginLeft": 25,
          }
        }
      >
        <View>
          <View
            accessibilityState={
              {
                "disabled": false,
              }
            }
            accessible={true}
            collapsable={false}
            focusable={true}
            onClick={[Function]}
            onResponderGrant={[Function]}
            onResponderMove={[Function]}
            onResponderRelease={[Function]}
            onResponderTerminate={[Function]}
            onResponderTerminationRequest={[Function]}
            onStartShouldSetResponder={[Function]}
            style={
              {
                "marginBottom": 5,
                "marginRight": 10,
                "maxHeight": 50,
                "minHeight": 48,
                "opacity": 1,
              }
            }
          >
            <View
              style={
                {
                  "alignItems": "center",
                  "display": "flex",
                  "flexDirection": "row",
                  "marginTop": 10,
                }
              }
            >
              <
                color="rgb(216, 216, 216)"
                icon={
                  {
                    "icon": [
                      512,
                      512,
                      [
                        128308,
                        128309,
                        128992,
                        128993,
                        128994,
                        128995,
                        128996,
                        9679,
                        9898,
                        9899,
                        11044,
                        61708,
                        61915,
                      ],
                      "f111",
                      "M512 256C512 397.4 397.4 512 256 512C114.6 512 0 397.4 0 256C0 114.6 114.6 0 256 0C397.4 0 512 114.6 512 256zM256 48C141.1 48 48 141.1 48 256C48 370.9 141.1 464 256 464C370.9 464 464 370.9 464 256C464 141.1 370.9 48 256 48z",
                    ],
                    "iconName": "circle",
                    "prefix": "far",
                  }
                }
                size={20}
              />
              <Text
                style={
                  {
                    "color": "rgb(28, 28, 30)",
                    "fontSize": 18,
                    "fontWeight": "600",
                    "marginLeft": 10,
                    "opacity": 1,
                  }
                }
              >
                text translated
              </Text>
            </View>
          </View>
          <Text
            style={
              {
                "color": "rgb(28, 28, 30)",
                "opacity": 0.65,
              }
            }
          >
            text no currency
          </Text>
        </View>
        <View>
          <View
            accessibilityState={
              {
                "disabled": false,
              }
            }
            accessible={true}
            collapsable={false}
            focusable={true}
            onClick={[Function]}
            onResponderGrant={[Function]}
            onResponderMove={[Function]}
            onResponderRelease={[Function]}
            onResponderTerminate={[Function]}
            onResponderTerminationRequest={[Function]}
            onStartShouldSetResponder={[Function]}
            style={
              {
                "marginBottom": 5,
                "marginRight": 10,
                "maxHeight": 50,
                "minHeight": 48,
                "opacity": 1,
              }
            }
          >
            <View
              style={
                {
                  "alignItems": "center",
                  "display": "flex",
                  "flexDirection": "row",
                  "marginTop": 10,
                }
              }
            >
              <
                color="rgb(216, 216, 216)"
                icon={
                  {
                    "icon": [
                      512,
                      512,
                      [
                        128280,
                        "dot-circle",
                      ],
                      "f192",
                      "M256 512c141.4 0 256-114.6 256-256S397.4 0 256 0S0 114.6 0 256S114.6 512 256 512zm0-160c-53 0-96-43-96-96s43-96 96-96s96 43 96 96s-43 96-96 96z",
                    ],
                    "iconName": "circle-dot",
                    "prefix": "fas",
                  }
                }
                size={20}
              />
              <Text
                style={
                  {
                    "color": "rgb(28, 28, 30)",
                    "fontSize": 18,
                    "fontWeight": "600",
                    "marginLeft": 10,
                    "opacity": 1,
                  }
                }
              >
                text translated
              </Text>
            </View>
          </View>
          <Text
            style={
              {
                "color": "rgb(28, 28, 30)",
                "opacity": 0.65,
              }
            }
          >
            text USD
          </Text>
        </View>
      </View>
      <View
        style={
          {
            "display": "flex",
            "margin": 10,
          }
        }
      >
        <Text
          style={
            {
              "color": "rgb(28, 28, 30)",
              "fontSize": 18,
              "fontWeight": "bold",
              "opacity": 0.87,
            }
          }
        >
          text translated
        </Text>
      </View>
      <View
        style={
          {
            "display": "flex",
            "marginLeft": 25,
          }
        }
      >
        <View>
          <View
            accessibilityState={
              {
                "disabled": false,
              }
            }
            accessible={true}
            collapsable={false}
            focusable={true}
            onClick={[Function]}
            onResponderGrant={[Function]}
            onResponderMove={[Function]}
            onResponderRelease={[Function]}
            onResponderTerminate={[Function]}
            onResponderTerminationRequest={[Function]}
            onStartShouldSetResponder={[Function]}
            style={
              {
                "marginBottom": 5,
                "marginRight": 10,
                "maxHeight": 50,
                "minHeight": 48,
                "opacity": 1,
              }
            }
          >
            <View
              style={
                {
                  "alignItems": "center",
                  "display": "flex",
                  "flexDirection": "row",
                  "marginTop": 10,
                }
              }
            >
              <
                color="rgb(216, 216, 216)"
                icon={
                  {
                    "icon": [
                      512,
                      512,
                      [
                        128280,
                        "dot-circle",
                      ],
                      "f192",
                      "M256 512c141.4 0 256-114.6 256-256S397.4 0 256 0S0 114.6 0 256S114.6 512 256 512zm0-160c-53 0-96-43-96-96s43-96 96-96s96 43 96 96s-43 96-96 96z",
                    ],
                    "iconName": "circle-dot",
                    "prefix": "fas",
                  }
                }
                size={20}
              />
              <Text
                style={
                  {
                    "color": "rgb(28, 28, 30)",
                    "fontSize": 18,
                    "fontWeight": "600",
                    "marginLeft": 10,
                    "opacity": 1,
                  }
                }
              >
                text translated
              </Text>
            </View>
          </View>
          <Text
            style={
              {
                "color": "rgb(28, 28, 30)",
                "opacity": 0.65,
              }
            }
          >
            text en
          </Text>
        </View>
        <View>
          <View
            accessibilityState={
              {
                "disabled": false,
              }
            }
            accessible={true}
            collapsable={false}
            focusable={true}
            onClick={[Function]}
            onResponderGrant={[Function]}
            onResponderMove={[Function]}
            onResponderRelease={[Function]}
            onResponderTerminate={[Function]}
            onResponderTerminationRequest={[Function]}
            onStartShouldSetResponder={[Function]}
            style={
              {
                "marginBottom": 5,
                "marginRight": 10,
                "maxHeight": 50,
                "minHeight": 48,
                "opacity": 1,
              }
            }
          >
            <View
              style={
                {
                  "alignItems": "center",
                  "display": "flex",
                  "flexDirection": "row",
                  "marginTop": 10,
                }
              }
            >
              <
                color="rgb(216, 216, 216)"
                icon={
                  {
                    "icon": [
                      512,
                      512,
                      [
                        128308,
                        128309,
                        128992,
                        128993,
                        128994,
                        128995,
                        128996,
                        9679,
                        9898,
                        9899,
                        11044,
                        61708,
                        61915,
                      ],
                      "f111",
                      "M512 256C512 397.4 397.4 512 256 512C114.6 512 0 397.4 0 256C0 114.6 114.6 0 256 0C397.4 0 512 114.6 512 256zM256 48C141.1 48 48 141.1 48 256C48 370.9 141.1 464 256 464C370.9 464 464 370.9 464 256C464 141.1 370.9 48 256 48z",
                    ],
                    "iconName": "circle",
                    "prefix": "far",
                  }
                }
                size={20}
              />
              <Text
                style={
                  {
                    "color": "rgb(28, 28, 30)",
                    "fontSize": 18,
                    "fontWeight": "600",
                    "marginLeft": 10,
                    "opacity": 1,
                  }
                }
              >
                text translated
              </Text>
            </View>
          </View>
          <Text
            style={
              {
                "color": "rgb(28, 28, 30)",
                "opacity": 0.65,
              }
            }
          >
            text es
          </Text>
        </View>
      </View>
      <View
        style={
          {
            "display": "flex",
            "margin": 10,
          }
        }
      >
        <Text
          style={
            {
              "color": "rgb(28, 28, 30)",
              "fontSize": 18,
              "fontWeight": "bold",
              "opacity": 0.87,
            }
          }
        >
          text translated
        </Text>
      </View>
      <View
        style={
          {
            "display": "flex",
            "marginLeft": 25,
          }
        }
      >
        <View
          accessibilityState={
            {
              "disabled": false,
            }
          }
          accessible={true}
          collapsable={false}
          focusable={true}
          onClick={[Function]}
          onResponderGrant={[Function]}
          onResponderMove={[Function]}
          onResponderRelease={[Function]}
          onResponderTerminate={[Function]}
          onResponderTerminationRequest={[Function]}
          onStartShouldSetResponder={[Function]}
          style={
            {
              "marginBottom": 5,
              "marginRight": 10,
              "maxHeight": 50,
              "minHeight": 48,
              "opacity": 1,
            }
          }
        >
          <View
            style={
              {
                "display": "flex",
                "flexDirection": "row",
                "marginTop": 10,
              }
            }
          >
            <
              color="rgb(216, 216, 216)"
              icon={
                {
                  "icon": [
                    512,
                    512,
                    [
                      128308,
                      128309,
                      128992,
                      128993,
                      128994,
                      128995,
                      128996,
                      9679,
                      9898,
                      9899,
                      11044,
                      61708,
                      61915,
                    ],
                    "f111",
                    "M512 256C512 397.4 397.4 512 256 512C114.6 512 0 397.4 0 256C0 114.6 114.6 0 256 0C397.4 0 512 114.6 512 256zM256 48C141.1 48 48 141.1 48 256C48 370.9 141.1 464 256 464C370.9 464 464 370.9 464 256C464 141.1 370.9 48 256 48z",
                  ],
                  "iconName": "circle",
                  "prefix": "far",
                }
              }
              size={20}
            />
            <Text
              style={
                {
                  "color": "rgb(28, 28, 30)",
                  "fontSize": 18,
                  "fontWeight": "600",
                  "marginLeft": 10,
                  "opacity": 1,
                }
              }
            >
              https://mainnet.lightwalletd.com:9067
            </Text>
          </View>
        </View>
        <View
          accessibilityState={
            {
              "disabled": false,
            }
          }
          accessible={true}
          collapsable={false}
          focusable={true}
          onClick={[Function]}
          onResponderGrant={[Function]}
          onResponderMove={[Function]}
          onResponderRelease={[Function]}
          onResponderTerminate={[Function]}
          onResponderTerminationRequest={[Function]}
          onStartShouldSetResponder={[Function]}
          style={
            {
              "marginBottom": 5,
              "marginRight": 10,
              "maxHeight": 50,
              "minHeight": 48,
              "opacity": 1,
            }
          }
        >
          <View
            style={
              {
                "display": "flex",
                "flexDirection": "row",
                "marginTop": 10,
              }
            }
          >
            <
              color="rgb(216, 216, 216)"
              icon={
                {
                  "icon": [
                    512,
                    512,
                    [
                      128308,
                      128309,
                      128992,
                      128993,
                      128994,
                      128995,
                      128996,
                      9679,
                      9898,
                      9899,
                      11044,
                      61708,
                      61915,
                    ],
                    "f111",
                    "M512 256C512 397.4 397.4 512 256 512C114.6 512 0 397.4 0 256C0 114.6 114.6 0 256 0C397.4 0 512 114.6 512 256zM256 48C141.1 48 48 141.1 48 256C48 370.9 141.1 464 256 464C370.9 464 464 370.9 464 256C464 141.1 370.9 48 256 48z",
                  ],
                  "iconName": "circle",
                  "prefix": "far",
                }
              }
              size={20}
            />
            <Text
              style={
                {
                  "color": "rgb(28, 28, 30)",
                  "fontSize": 18,
                  "fontWeight": "600",
                  "marginLeft": 10,
                  "opacity": 1,
                }
              }
            >
              https://lwdv3.zecwallet.co:443
            </Text>
          </View>
        </View>
        <View
          style={
            {
              "display": "flex",
              "flexDirection": "row",
            }
          }
        >
          <View
            accessible={true}
            collapsable={false}
            focusable={true}
            onClick={[Function]}
            onResponderGrant={[Function]}
            onResponderMove={[Function]}
            onResponderRelease={[Function]}
            onResponderTerminate={[Function]}
            onResponderTerminationRequest={[Function]}
            onStartShouldSetResponder={[Function]}
            style={
              {
                "marginBottom": 5,
                "marginRight": 10,
                "maxHeight": 50,
                "minHeight": 48,
                "opacity": 1,
              }
            }
          >
            <View
              style={
                {
                  "display": "flex",
                  "flexDirection": "row",
                  "marginTop": 10,
                }
              }
            >
              <
                color="rgb(216, 216, 216)"
                icon={
                  {
                    "icon": [
                      512,
                      512,
                      [
                        128280,
                        "dot-circle",
                      ],
                      "f192",
                      "M256 512c141.4 0 256-114.6 256-256S397.4 0 256 0S0 114.6 0 256S114.6 512 256 512zm0-160c-53 0-96-43-96-96s43-96 96-96s96 43 96 96s-43 96-96 96z",
                    ],
                    "iconName": "circle-dot",
                    "prefix": "fas",
                  }
                }
                size={20}
              />
              <Text
                style={
                  {
                    "color": "rgb(28, 28, 30)",
                    "fontSize": 18,
                    "fontWeight": "600",
                    "marginLeft": 10,
                    "opacity": 1,
                  }
                }
              >
                text translated
              </Text>
            </View>
          </View>
          <View
            accessibilityLabel="text translated"
            accessible={true}
            style={
              {
                "borderColor": "rgb(216, 216, 216)",
                "borderWidth": 1,
                "marginLeft": 5,
                "maxHeight": 48,
                "maxWidth": "80%",
                "minHeight": 48,
                "minWidth": "50%",
                "width": "auto",
              }
            }
          >
            <TextInput
              editable={true}
              maxLength={100}
              onChangeText={[Function]}
              placeholder="... https://------.---:--- ..."
              style={
                {
                  "color": "rgb(28, 28, 30)",
                  "fontSize": 18,
                  "fontWeight": "600",
                  "marginLeft": 5,
                  "minHeight": 48,
                  "minWidth": "50%",
                }
              }
              value="https://zcash.es"
            />
          </View>
        </View>
      </View>
      <View
        style={
          {
            "display": "flex",
            "margin": 10,
          }
        }
      >
        <Text
          style={
            {
              "color": "rgb(28, 28, 30)",
              "fontSize": 18,
              "fontWeight": "bold",
              "opacity": 0.87,
            }
          }
        >
          text translated
        </Text>
      </View>
      <View
        style={
          {
            "display": "flex",
            "marginLeft": 25,
          }
        }
      >
        <View
          accessibilityLabel="text translated"
          accessible={true}
          style={
            {
              "borderColor": "rgb(216, 216, 216)",
              "borderWidth": 1,
              "marginLeft": 5,
              "maxHeight": 48,
              "maxWidth": "60%",
              "minHeight": 48,
              "minWidth": "30%",
              "width": "auto",
            }
          }
        >
          <TextInput
            editable={true}
            keyboardType="numeric"
            maxLength={6}
            onChangeText={[Function]}
            placeholder="text translated"
            style={
              {
                "color": "rgb(28, 28, 30)",
                "fontSize": 18,
                "fontWeight": "600",
                "marginLeft": 5,
                "minHeight": 48,
                "minWidth": "30%",
              }
            }
            value="500"
          />
        </View>
      </View>
      <View
        style={
          {
            "display": "flex",
            "margin": 10,
          }
        }
      >
        <Text
          style={
            {
              "color": "rgb(28, 28, 30)",
              "fontSize": 18,
              "fontWeight": "bold",
              "opacity": 0.87,
            }
          }
        >
          text translated
        </Text>
      </View>
      <View
        style={
          {
            "display": "flex",
            "marginBottom": 30,
            "marginLeft": 25,
          }
        }
      >
        <View>
          <View
            accessibilityState={
              {
                "disabled": false,
              }
            }
            accessible={true}
            collapsable={false}
            focusable={true}
            onClick={[Function]}
            onResponderGrant={[Function]}
            onResponderMove={[Function]}
            onResponderRelease={[Function]}
            onResponderTerminate={[Function]}
            onResponderTerminationRequest={[Function]}
            onStartShouldSetResponder={[Function]}
            style={
              {
                "marginBottom": 5,
                "marginRight": 10,
                "maxHeight": 50,
                "minHeight": 48,
                "opacity": 1,
              }
            }
          >
            <View
              style={
                {
                  "alignItems": "center",
                  "display": "flex",
                  "flexDirection": "row",
                  "marginTop": 10,
                }
              }
            >
              <
                color="rgb(216, 216, 216)"
                icon={
                  {
                    "icon": [
                      512,
                      512,
                      [
                        128308,
                        128309,
                        128992,
                        128993,
                        128994,
                        128995,
                        128996,
                        9679,
                        9898,
                        9899,
                        11044,
                        61708,
                        61915,
                      ],
                      "f111",
                      "M512 256C512 397.4 397.4 512 256 512C114.6 512 0 397.4 0 256C0 114.6 114.6 0 256 0C397.4 0 512 114.6 512 256zM256 48C141.1 48 48 141.1 48 256C48 370.9 141.1 464 256 464C370.9 464 464 370.9 464 256C464 141.1 370.9 48 256 48z",
                    ],
                    "iconName": "circle",
                    "prefix": "far",
                  }
                }
                size={20}
              />
              <Text
                style={
                  {
                    "color": "rgb(28, 28, 30)",
                    "fontSize": 18,
                    "fontWeight": "600",
                    "marginLeft": 10,
                    "opacity": 1,
                  }
                }
              >
                text translated
              </Text>
            </View>
          </View>
          <Text
            style={
              {
                "color": "rgb(28, 28, 30)",
                "opacity": 0.65,
              }
            }
          >
            text none
          </Text>
        </View>
        <View>
          <View
            accessibilityState={
              {
                "disabled": false,
              }
            }
            accessible={true}
            collapsable={false}
            focusable={true}
            onClick={[Function]}
            onResponderGrant={[Function]}
            onResponderMove={[Function]}
            onResponderRelease={[Function]}
            onResponderTerminate={[Function]}
            onResponderTerminationRequest={[Function]}
            onStartShouldSetResponder={[Function]}
            style={
              {
                "marginBottom": 5,
                "marginRight": 10,
                "maxHeight": 50,
                "minHeight": 48,
                "opacity": 1,
              }
            }
          >
            <View
              style={
                {
                  "alignItems": "center",
                  "display": "flex",
                  "flexDirection": "row",
                  "marginTop": 10,
                }
              }
            >
              <
                color="rgb(216, 216, 216)"
                icon={
                  {
                    "icon": [
                      512,
                      512,
                      [
                        128280,
                        "dot-circle",
                      ],
                      "f192",
                      "M256 512c141.4 0 256-114.6 256-256S397.4 0 256 0S0 114.6 0 256S114.6 512 256 512zm0-160c-53 0-96-43-96-96s43-96 96-96s96 43 96 96s-43 96-96 96z",
                    ],
                    "iconName": "circle-dot",
                    "prefix": "fas",
                  }
                }
                size={20}
              />
              <Text
                style={
                  {
                    "color": "rgb(28, 28, 30)",
                    "fontSize": 18,
                    "fontWeight": "600",
                    "marginLeft": 10,
                    "opacity": 1,
                  }
                }
              >
                text translated
              </Text>
            </View>
          </View>
          <Text
            style={
              {
                "color": "rgb(28, 28, 30)",
                "opacity": 0.65,
              }
            }
          >
            text wallet
          </Text>
        </View>
        <View>
          <View
            accessibilityState={
              {
                "disabled": false,
              }
            }
            accessible={true}
            collapsable={false}
            focusable={true}
            onClick={[Function]}
            onResponderGrant={[Function]}
            onResponderMove={[Function]}
            onResponderRelease={[Function]}
            onResponderTerminate={[Function]}
            onResponderTerminationRequest={[Function]}
            onStartShouldSetResponder={[Function]}
            style={
              {
                "marginBottom": 5,
                "marginRight": 10,
                "maxHeight": 50,
                "minHeight": 48,
                "opacity": 1,
              }
            }
          >
            <View
              style={
                {
                  "alignItems": "center",
                  "display": "flex",
                  "flexDirection": "row",
                  "marginTop": 10,
                }
              }
            >
              <
                color="rgb(216, 216, 216)"
                icon={
                  {
                    "icon": [
                      512,
                      512,
                      [
                        128308,
                        128309,
                        128992,
                        128993,
                        128994,
                        128995,
                        128996,
                        9679,
                        9898,
                        9899,
                        11044,
                        61708,
                        61915,
                      ],
                      "f111",
                      "M512 256C512 397.4 397.4 512 256 512C114.6 512 0 397.4 0 256C0 114.6 114.6 0 256 0C397.4 0 512 114.6 512 256zM256 48C141.1 48 48 141.1 48 256C48 370.9 141.1 464 256 464C370.9 464 464 370.9 464 256C464 141.1 370.9 48 256 48z",
                    ],
                    "iconName": "circle",
                    "prefix": "far",
                  }
                }
                size={20}
              />
              <Text
                style={
                  {
                    "color": "rgb(28, 28, 30)",
                    "fontSize": 18,
                    "fontWeight": "600",
                    "marginLeft": 10,
                    "opacity": 1,
                  }
                }
              >
                text translated
              </Text>
            </View>
          </View>
          <Text
            style={
              {
                "color": "rgb(28, 28, 30)",
                "opacity": 0.65,
              }
            }
          >
            text all
          </Text>
        </View>
      </View>
    </View>
  </RCTScrollView>
  <View
    style={
      {
        "alignItems": "center",
        "flexDirection": "row",
        "flexGrow": 1,
        "justifyContent": "center",
        "marginVertical": 5,
      }
    }
  >
    <View
      accessible={true}
      collapsable={false}
      focusable={true}
      onClick={[Function]}
      onResponderGrant={[Function]}
      onResponderMove={[Function]}
      onResponderRelease={[Function]}
      onResponderTerminate={[Function]}
      onResponderTerminationRequest={[Function]}
      onStartShouldSetResponder={[Function]}
      style={
        {
          "alignItems": "center",
          "backgroundColor": "rgb(0, 122, 255)",
          "borderColor": "rgb(0, 122, 255)",
          "borderRadius": 10,
          "borderWidth": 2,
          "justifyContent": "center",
          "maxWidth": "90%",
          "minHeight": 48,
          "minWidth": "30%",
          "opacity": 1,
          "padding": 0,
          "paddingLeft": 20,
          "paddingRight": 20,
        }
      }
    >
      <View
        style={
          {
            "alignItems": "center",
            "display": "flex",
            "flexDirection": "row",
            "justifyContent": "center",
            "margin": 0,
            "minHeight": 48,
            "minWidth": 48,
            "padding": 0,
          }
        }
      >
        <Text
          style={
            {
              "color": "rgb(242, 242, 242)",
              "fontSize": 16,
              "fontWeight": "bold",
              "textTransform": "uppercase",
            }
          }
        >
          text translated
        </Text>
      </View>
    </View>
    <View
      accessible={true}
      collapsable={false}
      focusable={true}
      onClick={[Function]}
      onResponderGrant={[Function]}
      onResponderMove={[Function]}
      onResponderRelease={[Function]}
      onResponderTerminate={[Function]}
      onResponderTerminationRequest={[Function]}
      onStartShouldSetResponder={[Function]}
      style={
        {
          "alignItems": "center",
          "borderColor": "rgb(0, 122, 255)",
          "borderRadius": 10,
          "borderWidth": 2,
          "justifyContent": "center",
          "marginLeft": 10,
          "maxWidth": "90%",
          "minHeight": 48,
          "minWidth": "30%",
          "opacity": 1,
          "padding": 0,
          "paddingLeft": 20,
          "paddingRight": 20,
        }
      }
    >
      <View
        style={
          {
            "alignItems": "center",
            "display": "flex",
            "flexDirection": "row",
            "justifyContent": "center",
            "margin": 0,
            "minHeight": 48,
            "minWidth": 48,
            "padding": 0,
          }
        }
      >
        <Text
          style={
            {
              "color": "rgb(0, 122, 255)",
              "fontSize": 16,
              "fontWeight": "bold",
              "textTransform": "uppercase",
            }
          }
        >
          text translated
        </Text>
      </View>
    </View>
  </View>
</RCTSafeAreaView>
`;
