// Jest Snapshot v1, https://goo.gl/fbAQLP

exports[`Component SettingsModal - test SettingsModal - snapshot 1`] = `
<RCTSafeAreaView
  emulateUnlessSupported={true}
  style={
    Object {
      "alignItems": "stretch",
      "backgroundColor": "rgb(242, 242, 242)",
      "display": "flex",
      "height": "100%",
      "justifyContent": "flex-start",
    }
  }
>
  <RCTScrollView
    contentContainerStyle={
      Object {
        "alignItems": "stretch",
        "flexDirection": "column",
        "justifyContent": "flex-start",
      }
    }
    style={
      Object {
        "maxHeight": "85%",
      }
    }
  >
    <View>
      <View>
        <View
          style={
            Object {
              "alignItems": "center",
              "backgroundColor": "rgb(255, 255, 255)",
              "paddingBottom": 25,
            }
          }
        >
          <Text
            style={
              Object {
                "color": "rgb(28, 28, 30)",
                "fontSize": 28,
                "marginTop": 5,
                "padding": 5,
              }
            }
          >
            Wallet Settings
          </Text>
        </View>
        <View
          style={
            Object {
              "alignItems": "center",
              "display": "flex",
              "marginTop": -25,
            }
          }
        >
          <Image
            source={
              Object {
                "testUri": "../../../assets/img/logobig.png",
              }
            }
            style={
              Object {
                "height": 50,
                "resizeMode": "contain",
                "width": 50,
              }
            }
          />
        </View>
      </View>
      <View
        style={
          Object {
            "display": "flex",
            "margin": 20,
          }
        }
      >
        <Text
          style={
            Array [
              Object {
                "color": "rgb(28, 28, 30)",
              },
              Object {
                "fontSize": 18,
              },
              Object {
                "fontWeight": "bold",
              },
              Object {
                "opacity": 0.87,
              },
            ]
          }
        >
          MEMO DOWNLOAD
        </Text>
      </View>
      <View
        style={
          Object {
            "display": "flex",
            "marginLeft": 20,
          }
        }
      >
        <View
          accessible={true}
          focusable={true}
          onClick={[Function]}
          onResponderGrant={[Function]}
          onResponderMove={[Function]}
          onResponderRelease={[Function]}
          onResponderTerminate={[Function]}
          onResponderTerminationRequest={[Function]}
          onStartShouldSetResponder={[Function]}
          style={
            Object {
              "marginBottom": 10,
              "marginRight": 10,
              "opacity": 1,
            }
          }
        >
          <View
            style={
              Object {
                "display": "flex",
                "flexDirection": "row",
                "marginTop": 20,
              }
            }
          >
            <
              color="#ffffff"
              icon={
                Object {
                  "icon": Array [
                    512,
                    512,
                    Array [],
                    "f111",
                    "M256 8C119 8 8 119 8 256s111 248 248 248 248-111 248-248S393 8 256 8zm0 448c-110.5 0-200-89.5-200-200S145.5 56 256 56s200 89.5 200 200-89.5 200-200 200z",
                  ],
                  "iconName": "circle",
                  "prefix": "far",
                }
              }
              size={20}
            />
            <Text
              style={
                Array [
                  Object {
                    "marginLeft": 10,
                  },
                  Object {
                    "color": "rgb(28, 28, 30)",
                    "fontSize": 18,
                    "fontWeight": "600",
                    "opacity": 0.87,
                  },
                ]
              }
            >
              None
            </Text>
          </View>
        </View>
        <Text
          style={
            Object {
              "color": "rgb(28, 28, 30)",
              "opacity": 0.65,
            }
          }
        >
          Don't download any memos. Server will not learn what transactions belong to you.
        </Text>
        <View
          accessible={true}
          focusable={true}
          onClick={[Function]}
          onResponderGrant={[Function]}
          onResponderMove={[Function]}
          onResponderRelease={[Function]}
          onResponderTerminate={[Function]}
          onResponderTerminationRequest={[Function]}
          onStartShouldSetResponder={[Function]}
          style={
            Object {
              "marginBottom": 10,
              "marginRight": 10,
              "opacity": 1,
            }
          }
        >
          <View
            style={
              Object {
                "display": "flex",
                "flexDirection": "row",
                "marginTop": 20,
              }
            }
          >
            <
              color="#ffffff"
              icon={
                Object {
                  "icon": Array [
                    512,
                    512,
                    Array [],
                    "f192",
                    "M256 8C119.033 8 8 119.033 8 256s111.033 248 248 248 248-111.033 248-248S392.967 8 256 8zm80 248c0 44.112-35.888 80-80 80s-80-35.888-80-80 35.888-80 80-80 80 35.888 80 80z",
                  ],
                  "iconName": "dot-circle",
                  "prefix": "fas",
                }
              }
              size={20}
            />
            <Text
              style={
                Array [
                  Object {
                    "marginLeft": 10,
                  },
                  Object {
                    "color": "rgb(28, 28, 30)",
                    "fontSize": 18,
                    "fontWeight": "600",
                    "opacity": 0.87,
                  },
                ]
              }
            >
              Wallet
            </Text>
          </View>
        </View>
        <Text
          style={
            Object {
              "color": "rgb(28, 28, 30)",
              "opacity": 0.65,
            }
          }
        >
          Download only my memos. Server will learn what TxIDs belong to you, but can't see the addresses, amounts or memos
        </Text>
        <View
          accessible={true}
          focusable={true}
          onClick={[Function]}
          onResponderGrant={[Function]}
          onResponderMove={[Function]}
          onResponderRelease={[Function]}
          onResponderTerminate={[Function]}
          onResponderTerminationRequest={[Function]}
          onStartShouldSetResponder={[Function]}
          style={
            Object {
              "marginBottom": 10,
              "marginRight": 10,
              "opacity": 1,
            }
          }
        >
          <View
            style={
              Object {
                "display": "flex",
                "flexDirection": "row",
                "marginTop": 20,
              }
            }
          >
            <
              color="#ffffff"
              icon={
                Object {
                  "icon": Array [
                    512,
                    512,
                    Array [],
                    "f111",
                    "M256 8C119 8 8 119 8 256s111 248 248 248 248-111 248-248S393 8 256 8zm0 448c-110.5 0-200-89.5-200-200S145.5 56 256 56s200 89.5 200 200-89.5 200-200 200z",
                  ],
                  "iconName": "circle",
                  "prefix": "far",
                }
              }
              size={20}
            />
            <Text
              style={
                Array [
                  Object {
                    "marginLeft": 10,
                  },
                  Object {
                    "color": "rgb(28, 28, 30)",
                    "fontSize": 18,
                    "fontWeight": "600",
                    "opacity": 0.87,
                  },
                ]
              }
            >
              All
            </Text>
          </View>
        </View>
        <Text
          style={
            Object {
              "color": "rgb(28, 28, 30)",
              "opacity": 0.65,
            }
          }
        >
          Download all memos in the blockchain. Server will not learn what TxIDs belong to you. This consumes A LOT of bandwidth.
        </Text>
      </View>
    </View>
  </RCTScrollView>
  <View
    style={
      Object {
        "alignItems": "center",
        "flexDirection": "row",
        "flexGrow": 1,
        "justifyContent": "center",
        "margin": 20,
      }
    }
  >
    <View
      accessible={true}
      focusable={true}
      onClick={[Function]}
      onResponderGrant={[Function]}
      onResponderMove={[Function]}
      onResponderRelease={[Function]}
      onResponderTerminate={[Function]}
      onResponderTerminationRequest={[Function]}
      onStartShouldSetResponder={[Function]}
      style={
        Object {
          "borderColor": "rgb(28, 28, 30)",
          "borderRadius": 10,
          "borderWidth": 1,
          "marginLeft": 10,
          "opacity": 1,
          "padding": 10,
          "paddingLeft": 20,
          "paddingRight": 20,
          "width": "40%",
        }
      }
    >
      <Text
        style={
          Object {
            "color": "rgb(28, 28, 30)",
            "fontWeight": "bold",
            "textAlign": "center",
            "textTransform": "uppercase",
          }
        }
      >
        Close
      </Text>
    </View>
  </View>
</RCTSafeAreaView>
`;
