// Jest Snapshot v1, https://jestjs.io/docs/snapshot-testing

exports[`Component SyncReport - test SyncReport - snapshot 1`] = `
<View
  onLayout={[Function]}
  style={
    {
      "backgroundColor": "#011401",
      "flex": 1,
    }
  }
>
  <View
    onLayout={[Function]}
  />
  <View
    style={
      {
        "display": "flex",
        "marginBottom": 30,
        "marginHorizontal": 20,
      }
    }
  >
    <View
      style={
        {
          "display": "flex",
          "marginTop": 20,
        }
      }
    >
      <Text
        style={
          {
            "color": "#c3c3c3",
            "opacity": 0.65,
          }
        }
      >
        text translated
      </Text>
      <View
        accessibilityState={
          {
            "busy": undefined,
            "checked": undefined,
            "disabled": undefined,
            "expanded": undefined,
            "selected": undefined,
          }
        }
        accessibilityValue={
          {
            "max": undefined,
            "min": undefined,
            "now": undefined,
            "text": undefined,
          }
        }
        accessible={true}
        collapsable={false}
        focusable={true}
        onClick={[Function]}
        onResponderGrant={[Function]}
        onResponderMove={[Function]}
        onResponderRelease={[Function]}
        onResponderTerminate={[Function]}
        onResponderTerminationRequest={[Function]}
        onStartShouldSetResponder={[Function]}
        style={
          {
            "opacity": 1,
          }
        }
      >
        <Text
          style={
            {
              "color": "#c3c3c3",
              "fontSize": 15,
              "fontWeight": "400",
              "opacity": 1,
            }
          }
        >
          text translated
        </Text>
      </View>
    </View>
    <View
      style={
        {
          "backgroundColor": "white",
          "height": 2,
          "marginBottom": 10,
          "marginTop": 15,
          "width": "100%",
        }
      }
    />
    <View
      style={
        {
          "display": "flex",
          "flexDirection": "row",
          "justifyContent": "space-between",
          "marginTop": 10,
          "width": "100%",
        }
      }
    >
      <Text
        style={
          {
            "color": "#18bd18",
          }
        }
      >
        0
      </Text>
      <Text
        style={
          {
            "color": "#18bd18",
          }
        }
      >
        500K
      </Text>
      <Text
        style={
          {
            "color": "#18bd18",
          }
        }
      >
        1M
      </Text>
      <Text
        style={
          {
            "color": "#18bd18",
          }
        }
      >
        1.5M
      </Text>
      <Text
        style={
          {
            "color": "#18bd18",
          }
        }
      >
        2M
      </Text>
      <Text
        style={
          {
            "color": "#18bd18",
          }
        }
      >
        2.5M
      </Text>
    </View>
    <View
      style={
        {
          "display": "flex",
          "flexDirection": "row",
          "width": "100%",
        }
      }
    >
      <View
        style={
          {
            "borderLeftColor": "#18bd18",
            "borderLeftWidth": 1,
            "borderRightColor": "#18bd18",
            "borderRightWidth": 1,
            "height": 10,
            "width": "20%",
          }
        }
      />
      <View
        style={
          {
            "borderLeftColor": "#18bd18",
            "borderLeftWidth": 1,
            "borderRightColor": "#18bd18",
            "borderRightWidth": 1,
            "height": 10,
            "width": "20%",
          }
        }
      />
      <View
        style={
          {
            "borderLeftColor": "#18bd18",
            "borderLeftWidth": 1,
            "borderRightColor": "#18bd18",
            "borderRightWidth": 1,
            "height": 10,
            "width": "20%",
          }
        }
      />
      <View
        style={
          {
            "borderLeftColor": "#18bd18",
            "borderLeftWidth": 1,
            "borderRightColor": "#18bd18",
            "borderRightWidth": 1,
            "height": 10,
            "width": "20%",
          }
        }
      />
      <View
        style={
          {
            "borderLeftColor": "#18bd18",
            "borderLeftWidth": 1,
            "borderRightColor": "#18bd18",
            "borderRightWidth": 1,
            "height": 10,
            "width": "20%",
          }
        }
      />
    </View>
    <View
      style={
        {
          "borderBottomColor": "#18bd18",
          "borderBottomWidth": 2,
          "display": "flex",
          "flexDirection": "row",
          "justifyContent": "flex-start",
          "marginBottom": 0,
          "width": "100%",
        }
      }
    >
      <View
        style={
          {
            "backgroundColor": "blue",
            "borderLeftColor": "#18bd18",
            "borderLeftWidth": 1,
            "borderRightColor": "blue",
            "borderRightWidth": 1,
            "height": 10,
            "width": "76.004%",
          }
        }
      />
      <View
        style={
          {
            "backgroundColor": "yellow",
            "borderBottomColor": "blue",
            "borderBottomWidth": 5,
            "borderRightColor": "yellow",
            "borderRightWidth": 1,
            "height": 10,
            "width": "3.996%",
          }
        }
      />
      <View
        style={
          {
            "backgroundColor": "#333333",
            "borderRightColor": "#18bd18",
            "borderRightWidth": 1,
            "height": 10,
            "width": "20%",
          }
        }
      />
    </View>
    <View
      style={
        {
          "alignItems": "center",
          "display": "flex",
          "flexDirection": "row",
          "justifyContent": "flex-start",
          "marginTop": 5,
          "width": "100%",
        }
      }
    >
      <Text
        style={
          {
            "color": "#18bd18",
          }
        }
      >
        text translated
      </Text>
      <View
        style={
          {
            "backgroundColor": "blue",
            "display": "flex",
            "flexDirection": "row",
            "height": 10,
            "justifyContent": "flex-start",
            "margin": 5,
            "width": 10,
          }
        }
      />
      <Text
        style={
          {
            "color": "#c3c3c3",
          }
        }
      >
        2000000text translated
      </Text>
    </View>
    <View
      style={
        {
          "alignItems": "center",
          "display": "flex",
          "flexDirection": "row",
          "justifyContent": "flex-start",
          "marginTop": 5,
          "width": "100%",
        }
      }
    >
      <Text
        style={
          {
            "color": "#18bd18",
          }
        }
      >
        text translated
      </Text>
      <View
        style={
          {
            "backgroundColor": "yellow",
            "display": "flex",
            "flexDirection": "row",
            "height": 10,
            "justifyContent": "flex-start",
            "margin": 5,
            "width": 10,
          }
        }
      />
      <Text
        style={
          {
            "color": "#c3c3c3",
          }
        }
        testID="syncreport.wallettotalblocks"
      >
        99900text translated
      </Text>
    </View>
    <View
      style={
        {
          "backgroundColor": "white",
          "height": 2,
          "marginBottom": 10,
          "marginTop": 15,
          "width": "100%",
        }
      }
    />
    <View
      style={
        {
          "display": "flex",
          "marginTop": 20,
        }
      }
    >
      <Text
        style={
          {
            "color": "#c3c3c3",
            "opacity": 0.65,
          }
        }
      >
        text translated
      </Text>
      <View
        style={
          {
            "display": "flex",
            "flexDirection": "row",
            "justifyContent": "space-between",
            "marginTop": 5,
            "width": "100%",
          }
        }
      >
        <Text
          style={
            {
              "color": "#c3c3c3",
            }
          }
        >
          1900100
        </Text>
        <Text
          style={
            {
              "color": "#c3c3c3",
            }
          }
        >
          2000000
        </Text>
      </View>
      <View
        style={
          {
            "display": "flex",
            "flexDirection": "row",
            "justifyContent": "space-between",
            "width": "100%",
          }
        }
      >
        <View
          style={
            {
              "borderLeftColor": "#18bd18",
              "borderLeftWidth": 1,
              "height": 10,
            }
          }
        />
        <View
          style={
            {
              "borderRightColor": "#18bd18",
              "borderRightWidth": 1,
              "height": 10,
            }
          }
        />
      </View>
      <View
        style={
          {
            "borderBottomColor": "green",
            "borderBottomWidth": 0,
            "display": "flex",
            "flexDirection": "row",
            "justifyContent": "flex-start",
            "marginBottom": 0,
            "width": "100%",
          }
        }
      >
        <View
          style={
            {
              "backgroundColor": "green",
              "height": 15,
              "width": "500.5005005005005%",
            }
          }
        />
      </View>
    </View>
    <View
      style={
        {
          "display": "flex",
          "marginTop": 20,
        }
      }
    >
      <Text
        style={
          {
            "color": "#c3c3c3",
            "opacity": 0.65,
          }
        }
      >
        text translated
      </Text>
      <View
        style={
          {
            "alignItems": "flex-start",
            "display": "flex",
            "justifyContent": "flex-start",
            "marginLeft": 10,
            "marginTop": 5,
            "width": "100%",
          }
        }
      >
        <View
          style={
            {
              "display": "flex",
              "flexDirection": "row",
              "flexWrap": "nowrap",
            }
          }
        >
          <View
            style={
              {
                "backgroundColor": "green",
                "display": "flex",
                "flexDirection": "row",
                "height": 10,
                "justifyContent": "flex-start",
                "margin": 5,
                "width": 10,
              }
            }
          />
          <Text
            style={
              {
                "color": "#c3c3c3",
                "marginRight": 10,
              }
            }
          >
            text translated
          </Text>
        </View>
        <View
          style={
            {
              "display": "flex",
              "flexDirection": "row",
              "flexWrap": "nowrap",
            }
          }
        >
          <View
            style={
              {
                "backgroundColor": "orange",
                "display": "flex",
                "flexDirection": "row",
                "height": 10,
                "justifyContent": "flex-start",
                "margin": 5,
                "width": 10,
              }
            }
          />
          <Text
            style={
              {
                "color": "#c3c3c3",
                "marginRight": 10,
              }
            }
          >
            text translated
          </Text>
        </View>
        <View
          style={
            {
              "display": "flex",
              "flexDirection": "row",
              "flexWrap": "nowrap",
            }
          }
        >
          <View
            style={
              {
                "backgroundColor": "darkorange",
                "display": "flex",
                "flexDirection": "row",
                "height": 10,
                "justifyContent": "flex-start",
                "margin": 5,
                "width": 10,
              }
            }
          />
          <Text
            style={
              {
                "color": "#c3c3c3",
                "marginRight": 10,
              }
            }
          >
            text translated
          </Text>
        </View>
        <View
          style={
            {
              "display": "flex",
              "flexDirection": "row",
              "flexWrap": "nowrap",
            }
          }
        >
          <View
            style={
              {
                "backgroundColor": "gray",
                "display": "flex",
                "flexDirection": "row",
                "height": 10,
                "justifyContent": "flex-start",
                "margin": 5,
                "width": 10,
              }
            }
          />
          <Text
            style={
              {
                "color": "#c3c3c3",
                "marginRight": 10,
              }
            }
          >
            text translated
          </Text>
        </View>
        <View
          style={
            {
              "display": "flex",
              "flexDirection": "row",
              "flexWrap": "nowrap",
            }
          }
        >
          <View
            style={
              {
                "backgroundColor": "blue",
                "display": "flex",
                "flexDirection": "row",
                "height": 10,
                "justifyContent": "flex-start",
                "margin": 5,
                "width": 10,
              }
            }
          />
          <Text
            style={
              {
                "color": "#c3c3c3",
                "marginRight": 10,
              }
            }
          >
            text translated
          </Text>
        </View>
      </View>
    </View>
  </View>
</View>
`;
